// Jest Snapshot v1, https://goo.gl/fbAQLP

exports[`Error component error component mounts 1`] = `<ErrorComponent />`;
